[DATA_POINT]
1="tcp_connect"
2="tcp_connection_count"
3="ssl_session_new"
4="mic_recv"
5="HTTP_200"
6="tcp_shutdown"
[END_TRANSACTION]
49="Return_to_Main_Menu_2_vuser_end_33"
50="sm_birds.gif_3_vuser_end_38"
51="Return_to_Main_Menu_3_vuser_end_43"
52="http://update.googleapis.com/service/update2/json?cup2key=13:NqFuEVxAgCsD_EygJ70P6-E9dgMrw628Cr9x7WphybY&cup2hreq=f88c2271df42d29db2b2258e23e93075c135c4357cb9e5c015bd30e184cfd59b"
53="json_vuser_end_50"
54="vuser_end_Transaction"
1="https://petstore.octoperf.com/actions/Catalog.action"
2="https://petstore.octoperf.com/css/jpetstore.css"
3="https://petstore.octoperf.com/images/cart.gif"
4="https://petstore.octoperf.com/images/logo-topbar.gif"
5="https://petstore.octoperf.com/images/separator.gif"
6="https://petstore.octoperf.com/images/sm_fish.gif"
7="https://petstore.octoperf.com/images/sm_dogs.gif"
8="https://petstore.octoperf.com/images/fish_icon.gif"
9="https://petstore.octoperf.com/images/sm_reptiles.gif"
10="https://petstore.octoperf.com/images/reptiles_icon.gif"
11="https://petstore.octoperf.com/images/sm_birds.gif"
12="https://petstore.octoperf.com/images/birds_icon.gif"
13="https://petstore.octoperf.com/images/cats_icon.gif"
14="https://petstore.octoperf.com/images/dogs_icon.gif"
15="https://petstore.octoperf.com/images/splash.gif"
16="https://petstore.octoperf.com/images/sm_cats.gif"
17="Catalog.action_vuser_init_16"
18="vuser_init_Transaction"
19="https://petstore.octoperf.com/actions/Catalog.action;jsessionid=302B43C02342325D7F357786C7563A0A"
20="Catalog.action;jsessionid=_Action_8"
21="Return_to_Main_Menu_Action_17"
22="https://petstore.octoperf.com/actions/Catalog.action?viewCategory=&categoryId=DOGS"
23="sm_dogs.gif_Action_27"
24="https://petstore.octoperf.com/actions/Catalog.action?viewProduct=&productId=K9-RT-02"
25="K9-RT-02_Action_34"
26="https://update.googleapis.com/service/update2/json?cup2key=13:nCbp9jvGk612Pk2qN_upkqFkWMFLeoIv6iOYsoKtrl4&cup2hreq=469043b2ad709cece058f866adc92bd2e93401e3fa4f7139ecd7dbe807e1385d"
27="json_Action_41"
28="https://petstore.octoperf.com/actions/Cart.action?addItemToCart=&workingItemId=EST-24"
29="Cart.action_Action_76"
30="https://petstore.octoperf.com/actions/Cart.action"
31="Cart.action_2_Action_85"
32="Return_to_Main_Menu_2_Action_92"
33="Catalog.action_2_Action_101"
34="Return_to_Main_Menu_3_Action_108"
35="Action_Transaction"
36="https://petstore.octoperf.com/actions/Catalog.action?viewCategory=&categoryId=CATS"
37="sm_cats.gif_Action_118"
38="https://petstore.octoperf.com/actions/Catalog.action?viewProduct=&productId=FL-DLH-02"
39="FL-DLH-02_Action_125"
40="https://petstore.octoperf.com/actions/Cart.action?addItemToCart=&workingItemId=EST-17"
41="Add_to_Cart_Action_132"
42="Cart.action_3_Action_138"
43="Return_to_Main_Menu_4_Action_146"
44="https://petstore.octoperf.com/actions/Catalog.action?viewCategory=&categoryId=BIRDS"
45="Catalog.action_2_vuser_end_5"
46="sm_birds.gif_vuser_end_14"
47="Return_to_Main_Menu_vuser_end_21"
48="sm_birds.gif_2_vuser_end_28"
